
	 ✅ Votação ABERTA! Votos podem ser registrados
	 ✅ Votação ABERTA! Votos podem ser registrados
	 ⚠️ Para auditar, a votação precisa estar aberta!
	 ✅ Votação ABERTA! Votos podem ser registrados
	 🔒 A votação foi ENCERRADA!
	 ⚠️ Tentativa de encerrar votação ainda não aberta!
	 ⚠️ Tentativa de encerrar votação ainda não aberta!
	 ⚠️ Tentativa de encerrar votação ainda não aberta!
	 ⚠️ Para auditar, a votação precisa estar aberta!
	 ✅ Votação ABERTA! Votos podem ser registrados
	 ✅ Votação ABERTA! Votos podem ser registrados
	 ✅ Votação ABERTA! Votos podem ser registrados
	 ✅ Votação ABERTA! Votos podem ser registrados
	 ✅ Votação ABERTA! Votos podem ser registrados
	 ✅ Votação ABERTA! Votos podem ser registrados
	 ✅ Votação ABERTA! Votos podem ser registrados
	 ✅ Votação ABERTA! Votos podem ser registrados
	 ✅ Votação ABERTA! Votos podem ser registrados
	 ✅ Votação ABERTA! Votos podem ser registrados
	 ✅ Votação ABERTA! Votos podem ser registrados
	 ✅ Votação ABERTA! Votos podem ser registrados
	 ✅ Votação ABERTA! Votos podem ser registrados
	 ✅ Votação ABERTA! Votos podem ser registrados
	 ✅ Votação ABERTA! Votos podem ser registrados
	 ✅ Votação ABERTA! Votos podem ser registrados
	 ✅ Votação ABERTA! Votos podem ser registrados
	 ✅ Votação ABERTA! Votos podem ser registrados
	 ✅ Votação ABERTA! Votos podem ser registrados
	 ✅ Votação ABERTA! Votos podem ser registrados
	 ✅ Votação ABERTA! Votos podem ser registrados
	 ✅ Votação ABERTA! Votos podem ser registrados
	 ✅ Votação ABERTA! Votos podem ser registrados
	 ✅ Votação ABERTA! Votos podem ser registrados
	 ✅ Votação ABERTA! Votos podem ser registrados
	 ✅ Votação ABERTA! Votos podem ser registrados
	 ✅ Votação ABERTA! Votos podem ser registrados
	 ✅ Votação ABERTA! Votos podem ser registrados
	 ✅ Votação ABERTA! Votos podem ser registrados
	 ✅ Votação ABERTA! Votos podem ser registrados
	 ✅ Votação ABERTA! Votos podem ser registrados
	 ✅ Votação ABERTA! Votos podem ser registrados
	 ✅ Votação ABERTA! Votos podem ser registrados
	 ✅ Votação ABERTA! Votos podem ser registrados
	 ✅ Votação ABERTA! Votos podem ser registrados
	 ✅ Votação ABERTA! Votos podem ser registrados
	 ✅ Votação ABERTA! Votos podem ser registrados
	 ✅ Votação ABERTA! Votos podem ser registrados
	 ✅ Votação ABERTA! Votos podem ser registrados
	 ✅ Votação ABERTA! Votos podem ser registrados
	 ✅ Votação ABERTA! Votos podem ser registrados
	 🔒 A votação foi ENCERRADA!
	 ✅ Votação ABERTA! Votos podem ser registrados
	 🔒 A votação foi ENCERRADA!
	 ✅ Votação ABERTA! Votos podem ser registrados
	 ✅ Votação ABERTA! Votos podem ser registrados
	 ✅ Votação ABERTA! Votos podem ser registrados
	 ✅ Votação ABERTA! Votos podem ser registrados
	 ✅ Votação ABERTA! Votos podem ser registrados
	 ✅ Votação ABERTA! Votos podem ser registrados
	 ✅ Votação ABERTA! Votos podem ser registrados
	 ✅ Votação ABERTA! Votos podem ser registrados
	 ✅ Votação ABERTA! Votos podem ser registrados
	 ✅ Votação ABERTA! Votos podem ser registrados
	 ✅ Votação ABERTA! Votos podem ser registrados
	 ✅ Votação ABERTA! Votos podem ser registrados
	 ✅ Votação ABERTA! Votos podem ser registrados
	 ✅ Votação ABERTA! Votos podem ser registrados
	 ✅ Votação ABERTA! Votos podem ser registrados
	 ✅ Votação ABERTA! Votos podem ser registrados
	 🔒 A votação foi ENCERRADA!
	 ✅ Votação ABERTA! Votos podem ser registrados
	 🔒 A votação foi ENCERRADA!
	 ✅ Votação ABERTA! Votos podem ser registrados
	 ✅ Votação ABERTA! Votos podem ser registrados
	 ✅ Votação ABERTA! Votos podem ser registrados
	 ✅ Votação ABERTA! Votos podem ser registrados
	 ✅ Votação ABERTA! Votos podem ser registrados
	 05/19/26/36/2026 23:3601 - ✅ ABERTURA: Votação iniciada com sucesso.Total de votos zerado
	 🔒 A votação foi ENCERRADA!

	 05/19/26/44/2026 23:4405 - ✅ ABERTURA: Votação iniciada com sucesso. Total de votos zerado
	 05/19/26/44/2026 23:4427 - ✅ ABERTURA: Votação iniciada com sucesso. Total de votos zerado
	 🔒 A votação foi ENCERRADA!
	 05/19/26/56/2026 23:5654 - ✅ ABERTURA: Votação iniciada com sucesso. Total de votos zerado
	 05/19/26/59/2026 23:5905 - ✅ ABERTURA: Votação iniciada com sucesso. Total de votos zerado
	 05/20/26/00/2026 00:0000 - ✅ ABERTURA: Votação iniciada com sucesso. Total de votos zerado
	 🔒 A votação foi ENCERRADA!
	 05/20/26/49/2026 14:4946 - ✅ ABERTURA: Votação iniciada com sucesso. Total de votos zerado
	 🔒 A votação foi ENCERRADA!
	 05/20/26/00/2026 15:0047 - ✅ ABERTURA: Votação iniciada com sucesso. Total de votos zerado
	 🔒 A votação foi ENCERRADA!
	 05/20/26/02/2026 15:0236 - ✅ ABERTURA: Votação iniciada com sucesso. Total de votos zerado
	 🔒 A votação foi ENCERRADA!
	 05/20/26/32/2026 16:3205 - ✅ ABERTURA: Votação iniciada com sucesso. Total de votos zerado
	 🔒 A votação foi ENCERRADA!
	 05/20/26/34/2026 16:3442 - ✅ ABERTURA: Votação iniciada com sucesso. Total de votos zerado
	 🔒 A votação foi ENCERRADA!
	 05/20/26/37/2026 16:3710 - ✅ ABERTURA: Votação iniciada com sucesso. Total de votos zerado
	 🔒 A votação foi ENCERRADA!
	 05/20/26/38/2026 16:3805 - ✅ ABERTURA: Votação iniciada com sucesso. Total de votos zerado
	 🔒 A votação foi ENCERRADA!
	 05/20/26/39/2026 16:3920 - ✅ ABERTURA: Votação iniciada com sucesso. Total de votos zerado
	 🔒 A votação foi ENCERRADA!
	 05/20/26/44/2026 16:4420 - ✅ ABERTURA: Votação iniciada com sucesso. Total de votos zerado
	 05/20/26/44/2026 16:4428 - ✅ ABERTURA: Votação iniciada com sucesso. Total de votos zerado
	 05/20/26/44/2026 16:4451 -🔒 A votação foi ENCERRADA!
	 05/20/26/03/2026 21:0315 - ✅ ABERTURA: Votação iniciada com sucesso. Total de votos zerado
	 05/21/26/57/2026 21:5741 - ✅ ABERTURA: Votação iniciada com sucesso. Total de votos zerado
	 05/21/26/04/2026 22:0448 - ✅ ABERTURA: Votação iniciada com sucesso. Total de votos zerado
	 05/21/26/04/2026 22:0453 - ✅ ABERTURA: Votação iniciada com sucesso. Total de votos zerado
	 05/21/26/05/2026 22:07:06 -🔒 A votação foi ENCERRADA!
	 05/21/26/09/2026 22:0948 - ✅ ABERTURA: Votação iniciada com sucesso. Total de votos zerado
	 05/21/26/10/2026 22:1000 - ✅ ABERTURA: Votação iniciada com sucesso. Total de votos zerado
	 05/21/26/05/2026 22:10:22 -🔒 A votação foi ENCERRADA!
	 05/21/26/05/2026 22:12:31 -🔒 A votação foi ENCERRADA!
	 05/21/26/13/2026 22:1313 - ✅ ABERTURA: Votação iniciada com sucesso. Total de votos zerado
	 05/21/26/05/2026 22:13:34 -🔒 A votação foi ENCERRADA!
	 05/21/26/14/2026 22:1413 - ✅ ABERTURA: Votação iniciada com sucesso. Total de votos zerado
	 05/21/26/15/2026 22:1519 - ✅ ABERTURA: Votação iniciada com sucesso. Total de votos zerado
	 05/21/26/05/2026 22:15:43 -🔒 A votação foi ENCERRADA!
	 05/21/26/17/2026 22:1753 - ✅ ABERTURA: Votação iniciada com sucesso. Total de votos zerado
	 05/21/26/18/2026 22:1802 - ✅ ABERTURA: Votação iniciada com sucesso. Total de votos zerado
	 05/21/26/05/2026 22:18:32 -🔒 A votação foi ENCERRADA!
	 05/21/26/19/2026 22:1906 - ✅ ABERTURA: Votação iniciada com sucesso. Total de votos zerado
	 05/21/26/19/2026 22:1935 - ✅ ABERTURA: Votação iniciada com sucesso. Total de votos zerado
	 05/21/26/05/2026 22:19:56 -🔒 A votação foi ENCERRADA!
	 05/21/26/22/2026 22:2212 - ✅ ABERTURA: Votação iniciada com sucesso. Total de votos zerado
	 05/21/26/22/2026 22:2220 - ✅ ABERTURA: Votação iniciada com sucesso. Total de votos zerado
	 05/21/26/05/2026 22:22:41 -🔒 A votação foi ENCERRADA!
	 05/21/26/23/2026 22:2309 - ✅ ABERTURA: Votação iniciada com sucesso. Total de votos zerado
	 05/21/26/24/2026 22:2414 - ✅ ABERTURA: Votação iniciada com sucesso. Total de votos zerado
	 05/21/26/25/2026 22:2546 - ✅ ABERTURA: Votação iniciada com sucesso. Total de votos zerado
	 05/21/26/26/2026 22:2622 - ✅ ABERTURA: Votação iniciada com sucesso. Total de votos zerado
	 05/21/26/26/2026 22:2654 - ✅ ABERTURA: Votação iniciada com sucesso. Total de votos zerado
	 05/21/26/30/2026 22:3007 - ✅ ABERTURA: Votação iniciada com sucesso. Total de votos zerado
	 05/21/26/30/2026 22:3020 - ✅ ABERTURA: Votação iniciada com sucesso. Total de votos zerado
	 05/21/26/05/2026 22:30:55 -🔒 A votação foi ENCERRADA!
	 05/21/26/31/2026 22:3123 - ✅ ABERTURA: Votação iniciada com sucesso. Total de votos zerado
	 05/21/26/05/2026 22:31:43 -🔒 A votação foi ENCERRADA!
	 05/21/26/32/2026 22:3215 - ✅ ABERTURA: Votação iniciada com sucesso. Total de votos zerado
	 05/21/26/05/2026 22:32:35 -🔒 A votação foi ENCERRADA!
	 05/21/26/34/2026 22:3435 - ✅ ABERTURA: Votação iniciada com sucesso. Total de votos zerado
	 05/21/26/34/2026 22:3446 - ✅ ABERTURA: Votação iniciada com sucesso. Total de votos zerado
	 05/21/26/35/2026 22:3510 - ✅ ABERTURA: Votação iniciada com sucesso. Total de votos zerado
	 05/21/26/05/2026 22:35:58 -🔒 A votação foi ENCERRADA!
	 05/21/26/37/2026 22:3701 - ✅ ABERTURA: Votação iniciada com sucesso. Total de votos zerado
	 05/21/26/05/2026 22:38:17 -🔒 A votação foi ENCERRADA!
	 05/21/26/38/2026 22:3827 - ✅ ABERTURA: Votação iniciada com sucesso. Total de votos zerado
	 05/21/26/38/2026 22:3838 - ✅ ABERTURA: Votação iniciada com sucesso. Total de votos zerado
	 05/21/26/57/2026 22:5757 - ✅ ABERTURA: Votação iniciada com sucesso. Total de votos zerado
	 05/21/26/05/2026 23:01:20 -🔒 A votação foi ENCERRADA!
	 05/21/26/01/2026 23:0136 - ✅ ABERTURA: Votação iniciada com sucesso. Total de votos zerado
	 05/21/26/05/2026 23:02:26 -🔒 A votação foi ENCERRADA!
	 05/21/26/16/2026 23:1643 - ✅ ABERTURA: Votação iniciada com sucesso. Total de votos zerado
	 05/21/26/17/2026 23:1717 - ✅ ABERTURA: Votação iniciada com sucesso. Total de votos zerado
	 05/21/26/19/2026 23:1939 - ✅ ABERTURA: Votação iniciada com sucesso. Total de votos zerado
	 05/21/26/05/2026 23:20:34 -🔒 A votação foi ENCERRADA!